[     750ms] [LOG] 
%c__%c__%c__%c__%c__%c__%c__%c__%c__%c__%c__
%c__%c__%c__%c__%c__%c__%c__%c__%c__%c__%c__
%c__%c__%c__%c__%c__%c__%c__%c__%c__%c__%c__
%c__%c__%c__%c__%c__%c__%c__%c__%c__%c__%c__
%c__%c__%c__%c__%c__%c__%c__%c__%c__%c__%c__
%c__%c__%c__%c__%c__%c__%c__%c__%c__%c__%c__
%c__%c__%c__%c__%c__%c__%c__%c__%c__%c__%c__
%c__%c__%c__%c__%c__%c__%c__%c__%c__%c__%c__
%c__%c__%c__%c__%c__%c__%c__%c__%c__%c__%c__
%c__%c__%c__%c__%c__%c__%c__%c__%c__%c__%c__
%c__%c__%c__%c__%c__%c__%c__%c__%c__%c__%c__%c

Join us and build a world where anyone can belong anywhere at https://careers.airbnb.com/ background: rgba(0, 0, 0, 0); color: rgba(0, 0, 0, 0); background: rgba(0, 0, 0, 0); color: rgba(0, 0, 0, 0); background: rgba(0, 0, 0, 0); color: rgba(0, 0, 0, 0); background: rgba(0, 0, 0, 0); color: rgba(0, 0, 0, 0); background: rgba(0, 0, 0, 0); color: rgba(0, 0, 0, 0); background: #FF5A5F; color: #FF5A5F; background: rgba(0, 0, 0, 0); color: rgba(0, 0, 0, 0); background: rgba(0, 0, 0, 0); color: rgba(0, 0, 0, 0); background: rgba(0, 0, 0, 0); color: rgba(0, 0, 0, 0); background: rgba(0, 0, 0, 0); color: rgba(0, 0, 0, 0); background: rgba(0, 0, 0, 0); color: rgba(0, 0, 0, 0); background: rgba(0, 0, 0, 0); color: rgba(0, 0, 0, 0); background: rgba(0, 0, 0, 0); color: rgba(0, 0, 0, 0); background: rgba(0, 0, 0, 0); color: rgba(0, 0, 0, 0); background: rgba(0, 0, 0, 0); color: rgba(0, 0, 0, 0); background: #FF5A5F; color: #FF5A5F; background: rgba(0, 0, 0, 0); color: rgba(0, 0, 0, 0); background: #FF5A5F; color: #FF5A5F; background: rgba(0, 0, 0, 0); color: rgba(0, 0, 0, 0); background: rgba(0, 0, 0, 0); color: rgba(0, 0, 0, 0); background: rgba(0, 0, 0, 0); color: rgba(0, 0, 0, 0); background: rgba(0, 0, 0, 0); color: rgba(0, 0, 0, 0); background: rgba(0, 0, 0, 0); color: rgba(0, 0, 0, 0); background: rgba(0, 0, 0, 0); color: rgba(0, 0, 0, 0); background: rgba(0, 0, 0, 0); color: rgba(0, 0, 0, 0); background: #FF5A5F; color: #FF5A5F; background: rgba(0, 0, 0, 0); color: rgba(0, 0, 0, 0); background: rgba(0, 0, 0, 0); color: rgba(0, 0, 0, 0); background: rgba(0, 0, 0, 0); color: rgba(0, 0, 0, 0); background: #FF5A5F; color: #FF5A5F; background: rgba(0, 0, 0, 0); color: rgba(0, 0, 0, 0); background: rgba(0, 0, 0, 0); color: rgba(0, 0, 0, 0); background: rgba(0, 0, 0, 0); color: rgba(0, 0, 0, 0); background: rgba(0, 0, 0, 0); color: rgba(0, 0, 0, 0); background: rgba(0, 0, 0, 0); color: rgba(0, 0, 0, 0); background: #FF5A5F; color: #FF5A5F; background: rgba(0, 0, 0, 0); color: rgba(0, 0, 0, 0); background: rgba(0, 0, 0, 0); color: rgba(0, 0, 0, 0); background: rgba(0, 0, 0, 0); color: rgba(0, 0, 0, 0); background: rgba(0, 0, 0, 0); color: rgba(0, 0, 0, 0); background: rgba(0, 0, 0, 0); color: rgba(0, 0, 0, 0); background: #FF5A5F; color: #FF5A5F; background: rgba(0, 0, 0, 0); color: rgba(0, 0, 0, 0); background: rgba(0, 0, 0, 0); color: rgba(0, 0, 0, 0); background: rgba(0, 0, 0, 0); color: rgba(0, 0, 0, 0); background: rgba(0, 0, 0, 0); color: rgba(0, 0, 0, 0); background: #FF5A5F; color: #FF5A5F; background: rgba(0, 0, 0, 0); color: rgba(0, 0, 0, 0); background: rgba(0, 0, 0, 0); color: rgba(0, 0, 0, 0); background: rgba(0, 0, 0, 0); color: rgba(0, 0, 0, 0); background: rgba(0, 0, 0, 0); color: rgba(0, 0, 0, 0); background: rgba(0, 0, 0, 0); color: rgba(0, 0, 0, 0); background: #FF5A5F; color: #FF5A5F; background: rgba(0, 0, 0, 0); color: rgba(0, 0, 0, 0); background: rgba(0, 0, 0, 0); color: rgba(0, 0, 0, 0); background: rgba(0, 0, 0, 0); color: rgba(0, 0, 0, 0); background: #FF5A5F; color: #FF5A5F; background: rgba(0, 0, 0, 0); color: rgba(0, 0, 0, 0); background: rgba(0, 0, 0, 0); color: rgba(0, 0, 0, 0); background: rgba(0, 0, 0, 0); color: rgba(0, 0, 0, 0); background: #FF5A5F; color: #FF5A5F; background: rgba(0, 0, 0, 0); color: rgba(0, 0, 0, 0); background: rgba(0, 0, 0, 0); color: rgba(0, 0, 0, 0); background: rgba(0, 0, 0, 0); color: rgba(0, 0, 0, 0); background: #FF5A5F; color: #FF5A5F; background: rgba(0, 0, 0, 0); color: rgba(0, 0, 0, 0); background: rgba(0, 0, 0, 0); color: rgba(0, 0, 0, 0); background: #FF5A5F; color: #FF5A5F; background: rgba(0, 0, 0, 0); color: rgba(0, 0, 0, 0); background: rgba(0, 0, 0, 0); color: rgba(0, 0, 0, 0); background: #FF5A5F; color: #FF5A5F; background: rgba(0, 0, 0, 0); color: rgba(0, 0, 0, 0); background: #FF5A5F; color: #FF5A5F; background: rgba(0, 0, 0, 0); color: rgba(0, 0, 0, 0); background: rgba(0, 0, 0, 0); color: rgba(0, 0, 0, 0); background: #FF5A5F; color: #FF5A5F; background: rgba(0, 0, 0, 0); color: rgba(0, 0, 0, 0); background: #FF5A5F; color: #FF5A5F; background: rgba(0, 0, 0, 0); color: rgba(0, 0, 0, 0); background: rgba(0, 0, 0, 0); color: rgba(0, 0, 0, 0); background: rgba(0, 0, 0, 0); color: rgba(0, 0, 0, 0); background: #FF5A5F; color: #FF5A5F; background: rgba(0, 0, 0, 0); color: rgba(0, 0, 0, 0); background: #FF5A5F; color: #FF5A5F; background: rgba(0, 0, 0, 0); color: rgba(0, 0, 0, 0); background: rgba(0, 0, 0, 0); color: rgba(0, 0, 0, 0); background: rgba(0, 0, 0, 0); color: rgba(0, 0, 0, 0); background: #FF5A5F; color: #FF5A5F; background: #FF5A5F; color: #FF5A5F; background: rgba(0, 0, 0, 0); color: rgba(0, 0, 0, 0); background: rgba(0, 0, 0, 0); color: rgba(0, 0, 0, 0); background: rgba(0, 0, 0, 0); color: rgba(0, 0, 0, 0); background: rgba(0, 0, 0, 0); color: rgba(0, 0, 0, 0); background: #FF5A5F; color: #FF5A5F; background: rgba(0, 0, 0, 0); color: rgba(0, 0, 0, 0); background: rgba(0, 0, 0, 0); color: rgba(0, 0, 0, 0); background: rgba(0, 0, 0, 0); color: rgba(0, 0, 0, 0); background: rgba(0, 0, 0, 0); color: rgba(0, 0, 0, 0); background: #FF5A5F; color: #FF5A5F; background: rgba(0, 0, 0, 0); color: rgba(0, 0, 0, 0); background: #FF5A5F; color: #FF5A5F; background: rgba(0, 0, 0, 0); color: rgba(0, 0, 0, 0); background: rgba(0, 0, 0, 0); color: rgba(0, 0, 0, 0); background: #FF5A5F; color: #FF5A5F; background: rgba(0, 0, 0, 0); color: rgba(0, 0, 0, 0); background: #FF5A5F; color: #FF5A5F; background: rgba(0, 0, 0, 0); color: rgba(0, 0, 0, 0); background: rgba(0, 0, 0, 0); color: rgba(0, 0, 0, 0); background: #FF5A5F; color: #FF5A5F; background: rgba(0, 0, 0, 0); color: rgba(0, 0, 0, 0); background: rgba(0, 0, 0, 0); color: rgba(0, 0, 0, 0); background: rgba(0, 0, 0, 0); color: rgba(0, 0, 0, 0); background: #FF5A5F; color: #FF5A5F; background: #FF5A5F; color: #FF5A5F; background: rgba(0, 0, 0, 0); color: rgba(0, 0, 0, 0); background: rgba(0, 0, 0, 0); color: rgba(0, 0, 0, 0); background: rgba(0, 0, 0, 0); color: rgba(0, 0, 0, 0); background: #FF5A5F; color: #FF5A5F; background: #FF5A5F; color: #FF5A5F; background: rgba(0, 0, 0, 0); color: rgba(0, 0, 0, 0); background: rgba(0, 0, 0, 0); color: rgba(0, 0, 0, 0); background: default; color: default; @ https://a0.muscache.com/airbnb/static/packages/web/en-IN/0ca4.de3df93da9.js:67
[     860ms] [VERBOSE] Rendering was performed in a subtree hidden by content-visibility. @ https://a0.muscache.com/airbnb/static/packages/web/common/8ecd.2bf27d0fc7.js:17
[     863ms] [VERBOSE] Rendering was performed in a subtree hidden by content-visibility. @ https://a0.muscache.com/airbnb/static/packages/web/common/8ecd.2bf27d0fc7.js:17
[     944ms] [VERBOSE] Rendering was performed in a subtree hidden by content-visibility. @ https://a0.muscache.com/airbnb/static/packages/web/common/8ecd.2bf27d0fc7.js:17
[     946ms] [VERBOSE] Rendering was performed in a subtree hidden by content-visibility. @ https://a0.muscache.com/airbnb/static/packages/web/common/8ecd.2bf27d0fc7.js:17
[     946ms] [VERBOSE] Rendering was performed in a subtree hidden by content-visibility. @ https://a0.muscache.com/airbnb/static/packages/web/common/8ecd.2bf27d0fc7.js:17
[     947ms] [VERBOSE] Rendering was performed in a subtree hidden by content-visibility. @ https://a0.muscache.com/airbnb/static/packages/web/common/8ecd.2bf27d0fc7.js:17
[     947ms] [VERBOSE] Rendering was performed in a subtree hidden by content-visibility. @ https://a0.muscache.com/airbnb/static/packages/web/common/8ecd.2bf27d0fc7.js:17
[     947ms] [VERBOSE] Rendering was performed in a subtree hidden by content-visibility. @ https://a0.muscache.com/airbnb/static/packages/web/common/8ecd.2bf27d0fc7.js:17
[     947ms] [VERBOSE] Rendering was performed in a subtree hidden by content-visibility. @ https://a0.muscache.com/airbnb/static/packages/web/common/8ecd.2bf27d0fc7.js:17
[     948ms] [VERBOSE] Rendering was performed in a subtree hidden by content-visibility. @ https://a0.muscache.com/airbnb/static/packages/web/common/8ecd.2bf27d0fc7.js:17
[     948ms] [VERBOSE] Rendering was performed in a subtree hidden by content-visibility. @ https://a0.muscache.com/airbnb/static/packages/web/common/8ecd.2bf27d0fc7.js:17
[     949ms] [VERBOSE] Rendering was performed in a subtree hidden by content-visibility. @ https://a0.muscache.com/airbnb/static/packages/web/common/8ecd.2bf27d0fc7.js:17
[     949ms] [VERBOSE] Rendering was performed in a subtree hidden by content-visibility. @ https://a0.muscache.com/airbnb/static/packages/web/common/8ecd.2bf27d0fc7.js:17
[     949ms] [VERBOSE] Rendering was performed in a subtree hidden by content-visibility. @ https://a0.muscache.com/airbnb/static/packages/web/common/8ecd.2bf27d0fc7.js:17
[     949ms] [VERBOSE] Rendering was performed in a subtree hidden by content-visibility. @ https://a0.muscache.com/airbnb/static/packages/web/common/8ecd.2bf27d0fc7.js:17
[     950ms] [VERBOSE] Rendering was performed in a subtree hidden by content-visibility. @ https://a0.muscache.com/airbnb/static/packages/web/common/8ecd.2bf27d0fc7.js:17
[     950ms] [VERBOSE] Rendering was performed in a subtree hidden by content-visibility. @ https://a0.muscache.com/airbnb/static/packages/web/common/8ecd.2bf27d0fc7.js:17
[     950ms] [VERBOSE] Rendering was performed in a subtree hidden by content-visibility. @ https://a0.muscache.com/airbnb/static/packages/web/common/8ecd.2bf27d0fc7.js:17
[     950ms] [VERBOSE] Rendering was performed in a subtree hidden by content-visibility. @ https://a0.muscache.com/airbnb/static/packages/web/common/8ecd.2bf27d0fc7.js:17
[     951ms] [VERBOSE] Rendering was performed in a subtree hidden by content-visibility. @ https://a0.muscache.com/airbnb/static/packages/web/common/8ecd.2bf27d0fc7.js:17
[     951ms] [VERBOSE] Rendering was performed in a subtree hidden by content-visibility. @ https://a0.muscache.com/airbnb/static/packages/web/common/8ecd.2bf27d0fc7.js:17
[     951ms] [VERBOSE] Rendering was performed in a subtree hidden by content-visibility. @ https://a0.muscache.com/airbnb/static/packages/web/common/8ecd.2bf27d0fc7.js:17
[     951ms] [VERBOSE] Rendering was performed in a subtree hidden by content-visibility. @ https://a0.muscache.com/airbnb/static/packages/web/common/8ecd.2bf27d0fc7.js:17
[     952ms] [VERBOSE] Rendering was performed in a subtree hidden by content-visibility. @ https://a0.muscache.com/airbnb/static/packages/web/common/8ecd.2bf27d0fc7.js:17
[     952ms] [VERBOSE] Rendering was performed in a subtree hidden by content-visibility. @ https://a0.muscache.com/airbnb/static/packages/web/common/8ecd.2bf27d0fc7.js:17
[     952ms] [VERBOSE] Rendering was performed in a subtree hidden by content-visibility. @ https://a0.muscache.com/airbnb/static/packages/web/common/8ecd.2bf27d0fc7.js:17
[     952ms] [VERBOSE] Rendering was performed in a subtree hidden by content-visibility. @ https://a0.muscache.com/airbnb/static/packages/web/common/8ecd.2bf27d0fc7.js:17
[     953ms] [VERBOSE] Rendering was performed in a subtree hidden by content-visibility. @ https://a0.muscache.com/airbnb/static/packages/web/common/8ecd.2bf27d0fc7.js:17
[     953ms] [VERBOSE] Rendering was performed in a subtree hidden by content-visibility. @ https://a0.muscache.com/airbnb/static/packages/web/common/8ecd.2bf27d0fc7.js:17
[     953ms] [VERBOSE] Rendering was performed in a subtree hidden by content-visibility. @ https://a0.muscache.com/airbnb/static/packages/web/common/8ecd.2bf27d0fc7.js:17
[     953ms] [VERBOSE] Rendering was performed in a subtree hidden by content-visibility. @ https://a0.muscache.com/airbnb/static/packages/web/common/8ecd.2bf27d0fc7.js:17
[     954ms] [VERBOSE] Rendering was performed in a subtree hidden by content-visibility. @ https://a0.muscache.com/airbnb/static/packages/web/common/8ecd.2bf27d0fc7.js:17
[     954ms] [VERBOSE] Rendering was performed in a subtree hidden by content-visibility. @ https://a0.muscache.com/airbnb/static/packages/web/common/8ecd.2bf27d0fc7.js:17
[     954ms] [VERBOSE] Rendering was performed in a subtree hidden by content-visibility. @ https://a0.muscache.com/airbnb/static/packages/web/common/8ecd.2bf27d0fc7.js:17
[     954ms] [VERBOSE] Rendering was performed in a subtree hidden by content-visibility. @ https://a0.muscache.com/airbnb/static/packages/web/common/8ecd.2bf27d0fc7.js:17
[     955ms] [VERBOSE] Rendering was performed in a subtree hidden by content-visibility. @ https://a0.muscache.com/airbnb/static/packages/web/common/8ecd.2bf27d0fc7.js:17
[    1571ms] [WARNING] Google Maps JavaScript API has been loaded directly without loading=async. This can result in suboptimal performance. For best-practice loading patterns please see https://goo.gle/js-api-loading @ https://maps.googleapis.com/maps/api/js?language=en&region=IN&v=3.63&key=AIzaSyBEPXkdNeppUGoYTnxRJNEPmWfHdRpcmXU&hyperloopconfig=false&map_ids=f070129df0f6b488%2Ce7d50401c220d678%2C76aa4feafa54e1b4ddc75427%2C76aa4feafa54e1b485876b96%2C76aa4feafa54e1b45f841fc6%2C76aa4feafa54e1b447510e15&callback=__onGoogleMapsLoad:331
[    2642ms] [VERBOSE] Rendering was performed in a subtree hidden by content-visibility. @ https://maps.googleapis.com/maps-api-v3/api/js/63/14d/marker.js:2
[    2733ms] [VERBOSE] Rendering was performed in a subtree hidden by content-visibility. @ https://maps.googleapis.com/maps-api-v3/api/js/63/14d/marker.js:2
[    2734ms] [VERBOSE] Rendering was performed in a subtree hidden by content-visibility. @ https://maps.googleapis.com/maps-api-v3/api/js/63/14d/marker.js:2
[    2734ms] [VERBOSE] Rendering was performed in a subtree hidden by content-visibility. @ https://maps.googleapis.com/maps-api-v3/api/js/63/14d/marker.js:2
[    2740ms] [VERBOSE] Rendering was performed in a subtree hidden by content-visibility. @ https://maps.googleapis.com/maps-api-v3/api/js/63/14d/marker.js:2
[    2740ms] [VERBOSE] Rendering was performed in a subtree hidden by content-visibility. @ https://maps.googleapis.com/maps-api-v3/api/js/63/14d/marker.js:2
[    2740ms] [VERBOSE] Rendering was performed in a subtree hidden by content-visibility. @ https://maps.googleapis.com/maps-api-v3/api/js/63/14d/marker.js:2
