[    1951ms] [LOG] 
%c__%c__%c__%c__%c__%c__%c__%c__%c__%c__%c__
%c__%c__%c__%c__%c__%c__%c__%c__%c__%c__%c__
%c__%c__%c__%c__%c__%c__%c__%c__%c__%c__%c__
%c__%c__%c__%c__%c__%c__%c__%c__%c__%c__%c__
%c__%c__%c__%c__%c__%c__%c__%c__%c__%c__%c__
%c__%c__%c__%c__%c__%c__%c__%c__%c__%c__%c__
%c__%c__%c__%c__%c__%c__%c__%c__%c__%c__%c__
%c__%c__%c__%c__%c__%c__%c__%c__%c__%c__%c__
%c__%c__%c__%c__%c__%c__%c__%c__%c__%c__%c__
%c__%c__%c__%c__%c__%c__%c__%c__%c__%c__%c__
%c__%c__%c__%c__%c__%c__%c__%c__%c__%c__%c__%c

Join us and build a world where anyone can belong anywhere at https://careers.airbnb.com/ background: rgba(0, 0, 0, 0); color: rgba(0, 0, 0, 0); background: rgba(0, 0, 0, 0); color: rgba(0, 0, 0, 0); background: rgba(0, 0, 0, 0); color: rgba(0, 0, 0, 0); background: rgba(0, 0, 0, 0); color: rgba(0, 0, 0, 0); background: rgba(0, 0, 0, 0); color: rgba(0, 0, 0, 0); background: #FF5A5F; color: #FF5A5F; background: rgba(0, 0, 0, 0); color: rgba(0, 0, 0, 0); background: rgba(0, 0, 0, 0); color: rgba(0, 0, 0, 0); background: rgba(0, 0, 0, 0); color: rgba(0, 0, 0, 0); background: rgba(0, 0, 0, 0); color: rgba(0, 0, 0, 0); background: rgba(0, 0, 0, 0); color: rgba(0, 0, 0, 0); background: rgba(0, 0, 0, 0); color: rgba(0, 0, 0, 0); background: rgba(0, 0, 0, 0); color: rgba(0, 0, 0, 0); background: rgba(0, 0, 0, 0); color: rgba(0, 0, 0, 0); background: rgba(0, 0, 0, 0); color: rgba(0, 0, 0, 0); background: #FF5A5F; color: #FF5A5F; background: rgba(0, 0, 0, 0); color: rgba(0, 0, 0, 0); background: #FF5A5F; color: #FF5A5F; background: rgba(0, 0, 0, 0); color: rgba(0, 0, 0, 0); background: rgba(0, 0, 0, 0); color: rgba(0, 0, 0, 0); background: rgba(0, 0, 0, 0); color: rgba(0, 0, 0, 0); background: rgba(0, 0, 0, 0); color: rgba(0, 0, 0, 0); background: rgba(0, 0, 0, 0); color: rgba(0, 0, 0, 0); background: rgba(0, 0, 0, 0); color: rgba(0, 0, 0, 0); background: rgba(0, 0, 0, 0); color: rgba(0, 0, 0, 0); background: #FF5A5F; color: #FF5A5F; background: rgba(0, 0, 0, 0); color: rgba(0, 0, 0, 0); background: rgba(0, 0, 0, 0); color: rgba(0, 0, 0, 0); background: rgba(0, 0, 0, 0); color: rgba(0, 0, 0, 0); background: #FF5A5F; color: #FF5A5F; background: rgba(0, 0, 0, 0); color: rgba(0, 0, 0, 0); background: rgba(0, 0, 0, 0); color: rgba(0, 0, 0, 0); background: rgba(0, 0, 0, 0); color: rgba(0, 0, 0, 0); background: rgba(0, 0, 0, 0); color: rgba(0, 0, 0, 0); background: rgba(0, 0, 0, 0); color: rgba(0, 0, 0, 0); background: #FF5A5F; color: #FF5A5F; background: rgba(0, 0, 0, 0); color: rgba(0, 0, 0, 0); background: rgba(0, 0, 0, 0); color: rgba(0, 0, 0, 0); background: rgba(0, 0, 0, 0); color: rgba(0, 0, 0, 0); background: rgba(0, 0, 0, 0); color: rgba(0, 0, 0, 0); background: rgba(0, 0, 0, 0); color: rgba(0, 0, 0, 0); background: #FF5A5F; color: #FF5A5F; background: rgba(0, 0, 0, 0); color: rgba(0, 0, 0, 0); background: rgba(0, 0, 0, 0); color: rgba(0, 0, 0, 0); background: rgba(0, 0, 0, 0); color: rgba(0, 0, 0, 0); background: rgba(0, 0, 0, 0); color: rgba(0, 0, 0, 0); background: #FF5A5F; color: #FF5A5F; background: rgba(0, 0, 0, 0); color: rgba(0, 0, 0, 0); background: rgba(0, 0, 0, 0); color: rgba(0, 0, 0, 0); background: rgba(0, 0, 0, 0); color: rgba(0, 0, 0, 0); background: rgba(0, 0, 0, 0); color: rgba(0, 0, 0, 0); background: rgba(0, 0, 0, 0); color: rgba(0, 0, 0, 0); background: #FF5A5F; color: #FF5A5F; background: rgba(0, 0, 0, 0); color: rgba(0, 0, 0, 0); background: rgba(0, 0, 0, 0); color: rgba(0, 0, 0, 0); background: rgba(0, 0, 0, 0); color: rgba(0, 0, 0, 0); background: #FF5A5F; color: #FF5A5F; background: rgba(0, 0, 0, 0); color: rgba(0, 0, 0, 0); background: rgba(0, 0, 0, 0); color: rgba(0, 0, 0, 0); background: rgba(0, 0, 0, 0); color: rgba(0, 0, 0, 0); background: #FF5A5F; color: #FF5A5F; background: rgba(0, 0, 0, 0); color: rgba(0, 0, 0, 0); background: rgba(0, 0, 0, 0); color: rgba(0, 0, 0, 0); background: rgba(0, 0, 0, 0); color: rgba(0, 0, 0, 0); background: #FF5A5F; color: #FF5A5F; background: rgba(0, 0, 0, 0); color: rgba(0, 0, 0, 0); background: rgba(0, 0, 0, 0); color: rgba(0, 0, 0, 0); background: #FF5A5F; color: #FF5A5F; background: rgba(0, 0, 0, 0); color: rgba(0, 0, 0, 0); background: rgba(0, 0, 0, 0); color: rgba(0, 0, 0, 0); background: #FF5A5F; color: #FF5A5F; background: rgba(0, 0, 0, 0); color: rgba(0, 0, 0, 0); background: #FF5A5F; color: #FF5A5F; background: rgba(0, 0, 0, 0); color: rgba(0, 0, 0, 0); background: rgba(0, 0, 0, 0); color: rgba(0, 0, 0, 0); background: #FF5A5F; color: #FF5A5F; background: rgba(0, 0, 0, 0); color: rgba(0, 0, 0, 0); background: #FF5A5F; color: #FF5A5F; background: rgba(0, 0, 0, 0); color: rgba(0, 0, 0, 0); background: rgba(0, 0, 0, 0); color: rgba(0, 0, 0, 0); background: rgba(0, 0, 0, 0); color: rgba(0, 0, 0, 0); background: #FF5A5F; color: #FF5A5F; background: rgba(0, 0, 0, 0); color: rgba(0, 0, 0, 0); background: #FF5A5F; color: #FF5A5F; background: rgba(0, 0, 0, 0); color: rgba(0, 0, 0, 0); background: rgba(0, 0, 0, 0); color: rgba(0, 0, 0, 0); background: rgba(0, 0, 0, 0); color: rgba(0, 0, 0, 0); background: #FF5A5F; color: #FF5A5F; background: #FF5A5F; color: #FF5A5F; background: rgba(0, 0, 0, 0); color: rgba(0, 0, 0, 0); background: rgba(0, 0, 0, 0); color: rgba(0, 0, 0, 0); background: rgba(0, 0, 0, 0); color: rgba(0, 0, 0, 0); background: rgba(0, 0, 0, 0); color: rgba(0, 0, 0, 0); background: #FF5A5F; color: #FF5A5F; background: rgba(0, 0, 0, 0); color: rgba(0, 0, 0, 0); background: rgba(0, 0, 0, 0); color: rgba(0, 0, 0, 0); background: rgba(0, 0, 0, 0); color: rgba(0, 0, 0, 0); background: rgba(0, 0, 0, 0); color: rgba(0, 0, 0, 0); background: #FF5A5F; color: #FF5A5F; background: rgba(0, 0, 0, 0); color: rgba(0, 0, 0, 0); background: #FF5A5F; color: #FF5A5F; background: rgba(0, 0, 0, 0); color: rgba(0, 0, 0, 0); background: rgba(0, 0, 0, 0); color: rgba(0, 0, 0, 0); background: #FF5A5F; color: #FF5A5F; background: rgba(0, 0, 0, 0); color: rgba(0, 0, 0, 0); background: #FF5A5F; color: #FF5A5F; background: rgba(0, 0, 0, 0); color: rgba(0, 0, 0, 0); background: rgba(0, 0, 0, 0); color: rgba(0, 0, 0, 0); background: #FF5A5F; color: #FF5A5F; background: rgba(0, 0, 0, 0); color: rgba(0, 0, 0, 0); background: rgba(0, 0, 0, 0); color: rgba(0, 0, 0, 0); background: rgba(0, 0, 0, 0); color: rgba(0, 0, 0, 0); background: #FF5A5F; color: #FF5A5F; background: #FF5A5F; color: #FF5A5F; background: rgba(0, 0, 0, 0); color: rgba(0, 0, 0, 0); background: rgba(0, 0, 0, 0); color: rgba(0, 0, 0, 0); background: rgba(0, 0, 0, 0); color: rgba(0, 0, 0, 0); background: #FF5A5F; color: #FF5A5F; background: #FF5A5F; color: #FF5A5F; background: rgba(0, 0, 0, 0); color: rgba(0, 0, 0, 0); background: rgba(0, 0, 0, 0); color: rgba(0, 0, 0, 0); background: default; color: default; @ https://a0.muscache.com/airbnb/static/packages/web/en-IN/0ca4.de3df93da9.js:67
[    2029ms] [VERBOSE] Rendering was performed in a subtree hidden by content-visibility. @ https://a0.muscache.com/airbnb/static/packages/web/common/8ecd.2bf27d0fc7.js:17
[    2032ms] [VERBOSE] Rendering was performed in a subtree hidden by content-visibility. @ https://a0.muscache.com/airbnb/static/packages/web/common/8ecd.2bf27d0fc7.js:17
[    2035ms] [VERBOSE] Rendering was performed in a subtree hidden by content-visibility. @ https://a0.muscache.com/airbnb/static/packages/web/common/8ecd.2bf27d0fc7.js:17
[    2080ms] [VERBOSE] Rendering was performed in a subtree hidden by content-visibility. @ https://a0.muscache.com/airbnb/static/packages/web/common/8ecd.2bf27d0fc7.js:17
[    2081ms] [VERBOSE] Rendering was performed in a subtree hidden by content-visibility. @ https://a0.muscache.com/airbnb/static/packages/web/common/8ecd.2bf27d0fc7.js:17
[    2081ms] [VERBOSE] Rendering was performed in a subtree hidden by content-visibility. @ https://a0.muscache.com/airbnb/static/packages/web/common/8ecd.2bf27d0fc7.js:17
[    2082ms] [VERBOSE] Rendering was performed in a subtree hidden by content-visibility. @ https://a0.muscache.com/airbnb/static/packages/web/common/8ecd.2bf27d0fc7.js:17
[    2082ms] [VERBOSE] Rendering was performed in a subtree hidden by content-visibility. @ https://a0.muscache.com/airbnb/static/packages/web/common/8ecd.2bf27d0fc7.js:17
[    2082ms] [VERBOSE] Rendering was performed in a subtree hidden by content-visibility. @ https://a0.muscache.com/airbnb/static/packages/web/common/8ecd.2bf27d0fc7.js:17
[    2083ms] [VERBOSE] Rendering was performed in a subtree hidden by content-visibility. @ https://a0.muscache.com/airbnb/static/packages/web/common/8ecd.2bf27d0fc7.js:17
[    2083ms] [VERBOSE] Rendering was performed in a subtree hidden by content-visibility. @ https://a0.muscache.com/airbnb/static/packages/web/common/8ecd.2bf27d0fc7.js:17
[    2083ms] [VERBOSE] Rendering was performed in a subtree hidden by content-visibility. @ https://a0.muscache.com/airbnb/static/packages/web/common/8ecd.2bf27d0fc7.js:17
[    2084ms] [VERBOSE] Rendering was performed in a subtree hidden by content-visibility. @ https://a0.muscache.com/airbnb/static/packages/web/common/8ecd.2bf27d0fc7.js:17
[    2084ms] [VERBOSE] Rendering was performed in a subtree hidden by content-visibility. @ https://a0.muscache.com/airbnb/static/packages/web/common/8ecd.2bf27d0fc7.js:17
[    2084ms] [VERBOSE] Rendering was performed in a subtree hidden by content-visibility. @ https://a0.muscache.com/airbnb/static/packages/web/common/8ecd.2bf27d0fc7.js:17
[    2084ms] [VERBOSE] Rendering was performed in a subtree hidden by content-visibility. @ https://a0.muscache.com/airbnb/static/packages/web/common/8ecd.2bf27d0fc7.js:17
[    2085ms] [VERBOSE] Rendering was performed in a subtree hidden by content-visibility. @ https://a0.muscache.com/airbnb/static/packages/web/common/8ecd.2bf27d0fc7.js:17
[    2085ms] [VERBOSE] Rendering was performed in a subtree hidden by content-visibility. @ https://a0.muscache.com/airbnb/static/packages/web/common/8ecd.2bf27d0fc7.js:17
[    2085ms] [VERBOSE] Rendering was performed in a subtree hidden by content-visibility. @ https://a0.muscache.com/airbnb/static/packages/web/common/8ecd.2bf27d0fc7.js:17
[    2085ms] [VERBOSE] Rendering was performed in a subtree hidden by content-visibility. @ https://a0.muscache.com/airbnb/static/packages/web/common/8ecd.2bf27d0fc7.js:17
[    2086ms] [VERBOSE] Rendering was performed in a subtree hidden by content-visibility. @ https://a0.muscache.com/airbnb/static/packages/web/common/8ecd.2bf27d0fc7.js:17
[    2086ms] [VERBOSE] Rendering was performed in a subtree hidden by content-visibility. @ https://a0.muscache.com/airbnb/static/packages/web/common/8ecd.2bf27d0fc7.js:17
[    2086ms] [VERBOSE] Rendering was performed in a subtree hidden by content-visibility. @ https://a0.muscache.com/airbnb/static/packages/web/common/8ecd.2bf27d0fc7.js:17
[    2086ms] [VERBOSE] Rendering was performed in a subtree hidden by content-visibility. @ https://a0.muscache.com/airbnb/static/packages/web/common/8ecd.2bf27d0fc7.js:17
[    2087ms] [VERBOSE] Rendering was performed in a subtree hidden by content-visibility. @ https://a0.muscache.com/airbnb/static/packages/web/common/8ecd.2bf27d0fc7.js:17
[    2087ms] [VERBOSE] Rendering was performed in a subtree hidden by content-visibility. @ https://a0.muscache.com/airbnb/static/packages/web/common/8ecd.2bf27d0fc7.js:17
[    2087ms] [VERBOSE] Rendering was performed in a subtree hidden by content-visibility. @ https://a0.muscache.com/airbnb/static/packages/web/common/8ecd.2bf27d0fc7.js:17
[    2087ms] [VERBOSE] Rendering was performed in a subtree hidden by content-visibility. @ https://a0.muscache.com/airbnb/static/packages/web/common/8ecd.2bf27d0fc7.js:17
[    2088ms] [VERBOSE] Rendering was performed in a subtree hidden by content-visibility. @ https://a0.muscache.com/airbnb/static/packages/web/common/8ecd.2bf27d0fc7.js:17
[    2088ms] [VERBOSE] Rendering was performed in a subtree hidden by content-visibility. @ https://a0.muscache.com/airbnb/static/packages/web/common/8ecd.2bf27d0fc7.js:17
[    2088ms] [VERBOSE] Rendering was performed in a subtree hidden by content-visibility. @ https://a0.muscache.com/airbnb/static/packages/web/common/8ecd.2bf27d0fc7.js:17
[    2088ms] [VERBOSE] Rendering was performed in a subtree hidden by content-visibility. @ https://a0.muscache.com/airbnb/static/packages/web/common/8ecd.2bf27d0fc7.js:17
[    2089ms] [VERBOSE] Rendering was performed in a subtree hidden by content-visibility. @ https://a0.muscache.com/airbnb/static/packages/web/common/8ecd.2bf27d0fc7.js:17
[    2089ms] [VERBOSE] Rendering was performed in a subtree hidden by content-visibility. @ https://a0.muscache.com/airbnb/static/packages/web/common/8ecd.2bf27d0fc7.js:17
[    2089ms] [VERBOSE] Rendering was performed in a subtree hidden by content-visibility. @ https://a0.muscache.com/airbnb/static/packages/web/common/8ecd.2bf27d0fc7.js:17
[    2089ms] [VERBOSE] Rendering was performed in a subtree hidden by content-visibility. @ https://a0.muscache.com/airbnb/static/packages/web/common/8ecd.2bf27d0fc7.js:17
[    2090ms] [VERBOSE] Rendering was performed in a subtree hidden by content-visibility. @ https://a0.muscache.com/airbnb/static/packages/web/common/8ecd.2bf27d0fc7.js:17
[    2698ms] [WARNING] Google Maps JavaScript API has been loaded directly without loading=async. This can result in suboptimal performance. For best-practice loading patterns please see https://goo.gle/js-api-loading @ https://maps.googleapis.com/maps/api/js?language=en&region=IN&v=3.63&key=AIzaSyBEPXkdNeppUGoYTnxRJNEPmWfHdRpcmXU&hyperloopconfig=false&map_ids=f070129df0f6b488%2Ce7d50401c220d678%2C76aa4feafa54e1b4ddc75427%2C76aa4feafa54e1b485876b96%2C76aa4feafa54e1b45f841fc6%2C76aa4feafa54e1b447510e15&callback=__onGoogleMapsLoad:331
[    3945ms] [VERBOSE] Rendering was performed in a subtree hidden by content-visibility. @ https://maps.googleapis.com/maps-api-v3/api/js/63/14d/marker.js:2
[    4004ms] [VERBOSE] Rendering was performed in a subtree hidden by content-visibility. @ https://maps.googleapis.com/maps-api-v3/api/js/63/14d/marker.js:2
[    4004ms] [VERBOSE] Rendering was performed in a subtree hidden by content-visibility. @ https://maps.googleapis.com/maps-api-v3/api/js/63/14d/marker.js:2
[    4004ms] [VERBOSE] Rendering was performed in a subtree hidden by content-visibility. @ https://maps.googleapis.com/maps-api-v3/api/js/63/14d/marker.js:2
[    4005ms] [VERBOSE] Rendering was performed in a subtree hidden by content-visibility. @ https://maps.googleapis.com/maps-api-v3/api/js/63/14d/marker.js:2
[    4005ms] [VERBOSE] Rendering was performed in a subtree hidden by content-visibility. @ https://maps.googleapis.com/maps-api-v3/api/js/63/14d/marker.js:2
[    4005ms] [VERBOSE] Rendering was performed in a subtree hidden by content-visibility. @ https://maps.googleapis.com/maps-api-v3/api/js/63/14d/marker.js:2
