[     652ms] [ERROR] Permissions policy violation: accelerometer is not allowed in this document. @ https://www.makemytrip.com/0w4aDK/2ua0/9xLDO/emEi1/Fhf1/aSQ1chuLt5picf/OwoJHgE/Sy0lE/3NNXkkB:0
[     652ms] [WARNING] The deviceorientation events are blocked by permissions policy. See https://github.com/w3c/webappsec-permissions-policy/blob/master/features.md#sensor-features @ https://www.makemytrip.com/0w4aDK/2ua0/9xLDO/emEi1/Fhf1/aSQ1chuLt5picf/OwoJHgE/Sy0lE/3NNXkkB:0
[     652ms] [ERROR] Permissions policy violation: accelerometer is not allowed in this document. @ https://www.makemytrip.com/0w4aDK/2ua0/9xLDO/emEi1/Fhf1/aSQ1chuLt5picf/OwoJHgE/Sy0lE/3NNXkkB:0
[     652ms] [WARNING] The devicemotion events are blocked by permissions policy. See https://github.com/w3c/webappsec-permissions-policy/blob/master/features.md#sensor-features @ https://www.makemytrip.com/0w4aDK/2ua0/9xLDO/emEi1/Fhf1/aSQ1chuLt5picf/OwoJHgE/Sy0lE/3NNXkkB:0
[    1485ms] [WARNING] Unable to create a text session because the service is not running. @ https://www.makemytrip.com/:0
[    1493ms] [LOG] userInfo is not found in sessionStorage @ https://jsak.mmtcdn.com/pwa_v3/pwa_commons/build/client/js/9245.bd07a711ee4a9f6f0160.js:0
[    1494ms] [WARNING] No output language was specified in a Summarizer API request. An output language should be specified to ensure optimal output quality and properly attest to output safety. Please specify a supported output language code: [de, en, es, fr, ja] @ https://www.makemytrip.com/:0
[    1497ms] [LOG] userInfo is not found in sessionStorage @ https://jsak.mmtcdn.com/pwa_v3/pwa_commons/build/client/js/9245.bd07a711ee4a9f6f0160.js:0
[    1861ms] [LOG] userInfo is not found in sessionStorage @ https://jsak.mmtcdn.com/pwa_v3/pwa_commons/build/client/js/9245.bd07a711ee4a9f6f0160.js:0
[    1885ms] [WARNING] Unsatisfied version 19.2.3 from pwa-mmt-hlp of shared singleton module react (required =18.2.0) @ https://jsak.mmtcdn.com/pwa_v3/flights_search_ui_assets/mmtFlightsSearchRemoteEntry.js?v=MTk4NjYwMw==:0
[    1885ms] [WARNING] Unsatisfied version 19.2.3 from pwa-mmt-hlp of shared singleton module react-dom (required =18.2.0) @ https://jsak.mmtcdn.com/pwa_v3/flights_search_ui_assets/mmtFlightsSearchRemoteEntry.js?v=MTk4NjYwMw==:0
[    1929ms] [LOG] userInfo is not found in sessionStorage @ https://jsak.mmtcdn.com/pwa_v3/pwa_commons/build/client/js/9245.bd07a711ee4a9f6f0160.js:0
[    1930ms] [LOG] userInfo is not found in sessionStorage @ https://jsak.mmtcdn.com/pwa_v3/pwa_commons/build/client/js/9245.bd07a711ee4a9f6f0160.js:0
[    1930ms] [LOG] userInfo is not found in sessionStorage @ https://jsak.mmtcdn.com/pwa_v3/pwa_commons/build/client/js/9245.bd07a711ee4a9f6f0160.js:0
[    1930ms] [LOG] userInfo is not found in sessionStorage @ https://jsak.mmtcdn.com/pwa_v3/pwa_commons/build/client/js/9245.bd07a711ee4a9f6f0160.js:0
[    2241ms] [WARNING] Unsatisfied version 7.4.10 from pwa-mmt-hlp of shared singleton module react-day-picker (required =7.4.0) @ https://jsak.mmtcdn.com/pwa_v3/flights_search_ui_assets/mmtFlightsSearchRemoteEntry.js?v=MTk4NjYwMw==:0
[    3273ms] [LOG] userInfo is not found in sessionStorage @ https://jsak.mmtcdn.com/pwa_v3/flights_search_ui_assets/2121.4ec0dbe5a7972ea14620.bundle.js:0
[    3273ms] [LOG] userInfo is not found in sessionStorage @ https://jsak.mmtcdn.com/pwa_v3/flights_search_ui_assets/2121.4ec0dbe5a7972ea14620.bundle.js:0
[    3273ms] [LOG] userInfo is not found in sessionStorage @ https://jsak.mmtcdn.com/pwa_v3/flights_search_ui_assets/2121.4ec0dbe5a7972ea14620.bundle.js:0
[    3273ms] [LOG] userInfo is not found in sessionStorage @ https://jsak.mmtcdn.com/pwa_v3/flights_search_ui_assets/2121.4ec0dbe5a7972ea14620.bundle.js:0
[    6645ms] [LOG] userInfo is not found in sessionStorage @ https://jsak.mmtcdn.com/pwa_v3/pwa_commons/build/client/js/9245.bd07a711ee4a9f6f0160.js:0
[    6909ms] [VERBOSE] [DOM] Input elements should have autocomplete attributes (suggested: "current-password"): (More info: https://goo.gl/9p2vKq) %o @ https://www.makemytrip.com/:0
[    7025ms] [ERROR] Failed to load resource: the server responded with a status of 404 () @ https://mapi.makemytrip.com/ext/web/pwa/prefill/login/details?region=in&currency=inr&user-currency=INR&language=eng:0
[   14599ms] [WARNING] The resource https://imgak.mmtcdn.com/pwa_v3/pwa_commons_assets/desktop/bg5.jpg was preloaded using link preload but not used within a few seconds from the window's load event. Please make sure it has an appropriate `as` value and it is preloaded intentionally. @ https://www.makemytrip.com/:0
[   14599ms] [WARNING] The resource https://imgak.mmtcdn.com/pwa_v3/pwa_commons_assets/desktop/B2CHeaderSprite@1.png was preloaded using link preload but not used within a few seconds from the window's load event. Please make sure it has an appropriate `as` value and it is preloaded intentionally. @ https://www.makemytrip.com/:0
[   14599ms] [WARNING] The resource https://imgak.mmtcdn.com/pwa_v3/pwa_header_assets/loginPersuassionRoad.jpg was preloaded using link preload but not used within a few seconds from the window's load event. Please make sure it has an appropriate `as` value and it is preloaded intentionally. @ https://www.makemytrip.com/:0
[   20546ms] [WARNING] The resource https://imgak.mmtcdn.com/pwa_v3/pwa_commons_assets/desktop/bg5.jpg was preloaded using link preload but not used within a few seconds from the window's load event. Please make sure it has an appropriate `as` value and it is preloaded intentionally. @ https://www.makemytrip.com/:0
[   20546ms] [WARNING] The resource https://imgak.mmtcdn.com/pwa_v3/pwa_commons_assets/desktop/B2CHeaderSprite@1.png was preloaded using link preload but not used within a few seconds from the window's load event. Please make sure it has an appropriate `as` value and it is preloaded intentionally. @ https://www.makemytrip.com/:0
[   20546ms] [WARNING] The resource https://imgak.mmtcdn.com/pwa_v3/pwa_header_assets/loginPersuassionRoad.jpg was preloaded using link preload but not used within a few seconds from the window's load event. Please make sure it has an appropriate `as` value and it is preloaded intentionally. @ https://www.makemytrip.com/:0
